// Vitest Snapshot v1, https://vitest.dev/guide/snapshot.html

exports[`Profile Component > renders correctly and matches snapshot 1`] = `
<div>
  <div
    class="min-h-screen bg-[#F8FAFC] p-4 md:p-10 font-sans text-[#111827]"
  >
    <div
      class="max-w-[1000px] mx-auto space-y-6"
    >
      <div
        class="bg-white border border-[#e5e7eb] rounded-[16px] p-6 md:p-8 shadow-sm"
      >
        <div
          class="flex flex-col md:flex-row justify-between items-start md:items-center gap-6"
        >
          <div
            class="flex flex-col sm:flex-row items-center sm:items-start gap-6"
          >
            <div
              class="w-[100px] h-[100px] bg-[#f3f4f6] rounded-full flex items-center justify-center border-4 border-[#f9fafb] ring-1 ring-[#e5e7eb] text-[#9ca3af] shrink-0"
            >
              <svg
                class="w-12 h-12"
                fill="none"
                stroke="currentColor"
                stroke-width="2"
                viewBox="0 0 24 24"
              >
                <path
                  d="M20 21v-2a4 4 0 0 0-4-4H8a4 4 0 0 0-4 4v2"
                />
                <circle
                  cx="12"
                  cy="7"
                  r="4"
                />
              </svg>
            </div>
            <div
              class="flex flex-col items-center sm:items-start gap-2"
            >
              <h1
                class="text-2xl font-bold"
              >
                Super Hacker
              </h1>
              <span
                class="bg-[#6366F1] text-white px-4 py-1.5 rounded-full text-sm font-medium"
              >
                Роль: 
                Admin, manager
              </span>
            </div>
          </div>
          <div
            class="flex flex-col sm:flex-row w-full md:w-auto gap-3"
          >
            <button
              class="bg-[#FBBF24] hover:opacity-90 text-[#111827] px-6 py-2.5 rounded-full font-bold text-sm transition-all"
            >
              Редагувати профіль
            </button>
            <button
              class="bg-[#fee2e2] hover:bg-[#fecaca] text-[#ef4444] px-6 py-2.5 rounded-full font-bold text-sm transition-all"
            >
              Видалити
            </button>
          </div>
        </div>
        <div
          class="my-8 h-[1px] bg-[#e5e7eb]"
        />
        <div>
          <h3
            class="text-xs font-bold text-[#6b7280] tracking-widest uppercase mb-4"
          >
            СПОСОБИ ЗВ'ЯЗКУ
          </h3>
          <div
            class="flex flex-wrap gap-3"
          >
            <div
              class="flex gap-1.5 px-4 py-2 rounded-lg border text-sm font-medium bg-[#f3f4f6] border-[#e5e7eb] text-[#111827]"
            >
              <span
                class="opacity-60"
              >
                Email
                :
              </span>
              <span>
                hacker777@example.com
              </span>
            </div>
            <div
              class="flex gap-1.5 px-4 py-2 rounded-lg border text-sm font-medium bg-[#eff6ff] border-[#bfdbfe] text-[#2563eb]"
            >
              <span
                class="opacity-60"
              >
                Telegram
                :
              </span>
              <span>
                @hacker777
              </span>
            </div>
            <div
              class="flex gap-1.5 px-4 py-2 rounded-lg border text-sm font-medium bg-[#f3f4f6] border-[#e5e7eb] text-[#111827]"
            >
              <span
                class="opacity-60"
              >
                GitHub
                :
              </span>
              <span>
                hacker777
              </span>
            </div>
            <div
              class="flex gap-1.5 px-4 py-2 rounded-lg border text-sm font-medium bg-[#f5f3ff] border-[#ddd6fe] text-[#7c3aed]"
            >
              <span
                class="opacity-60"
              >
                Discord
                :
              </span>
              <span>
                hacker#7777
              </span>
            </div>
          </div>
        </div>
      </div>
      <div
        class="grid grid-cols-1 mb-10"
      >
        <div
          class="bg-white border border-[#e5e7eb] rounded-[16px] p-6 shadow-sm"
        >
          <h2
            class="flex items-center gap-2.5 text-lg font-bold mb-6"
          >
            <span
              class="w-2 h-2 rounded-full bg-[#6366F1]"
            />
             
            Турніри
          </h2>
          <div
            class="space-y-3"
          >
            <div
              class="flex items-center justify-between p-4 bg-[#f9fafb] border border-[#e5e7eb] rounded-xl hover:bg-[#f3f4f6] transition-colors cursor-pointer"
            >
              <div
                class="flex items-center gap-3"
              >
                <span
                  class="font-medium"
                >
                  Напишіть Ядро Лінукс
                </span>
              </div>
              <span
                class="text-gray-300"
              >
                ❯
              </span>
            </div>
            <div
              class="flex items-center justify-between p-4 bg-[#f9fafb] border border-[#e5e7eb] rounded-xl hover:bg-[#f3f4f6] transition-colors cursor-pointer"
            >
              <div
                class="flex items-center gap-3"
              >
                <span
                  class="font-medium"
                >
                  Напишіть свою мову програмування
                </span>
              </div>
              <span
                class="text-gray-300"
              >
                ❯
              </span>
            </div>
            <div
              class="flex items-center justify-between p-4 bg-[#f9fafb] border border-[#e5e7eb] rounded-xl hover:bg-[#f3f4f6] transition-colors cursor-pointer"
            >
              <div
                class="flex items-center gap-3"
              >
                <span
                  class="font-medium"
                >
                  Напишіть гру на JS
                </span>
              </div>
              <span
                class="text-gray-300"
              >
                ❯
              </span>
            </div>
          </div>
        </div>
      </div>
    </div>
  </div>
</div>
`;
