// Vitest Snapshot v1, https://vitest.dev/guide/snapshot.html

exports[`AuthPage Component > matches snapshot 1`] = `
<div>
  <style>
    
        @keyframes marquee { from { transform: translateX(0); } to { transform: translateX(-50%); } }
        .animate-marquee { animation: marquee 50s linear infinite; }
        .animate-marquee-reverse { animation: marquee 60s linear infinite reverse; }
      
  </style>
  <div
    class="flex h-screen overflow-hidden bg-slate-50 text-slate-900 font-inter"
  >
    <div
      class="hidden md:flex w-1/2 flex-col items-center justify-center relative overflow-hidden bg-indigo-500"
    >
      <div
        class="absolute top-[15%] left-0 right-0 overflow-hidden pointer-events-none"
      >
        <div
          class="flex w-max font-quicksand font-extrabold text-[17vw] leading-[0.88] text-white/5 whitespace-nowrap select-none animate-marquee"
        >
          <span>
            UGALAXY ★ STAR FOR LIFE ★ UGALAXY ★ STAR FOR LIFE ★ 
          </span>
          <span>
            UGALAXY ★ STAR FOR LIFE ★ UGALAXY ★ STAR FOR LIFE ★ 
          </span>
        </div>
      </div>
      <div
        class="absolute bottom-[15%] left-0 right-0 overflow-hidden pointer-events-none"
      >
        <div
          class="flex w-max font-quicksand font-extrabold text-[17vw] leading-[0.88] text-white/5 whitespace-nowrap select-none animate-marquee-reverse"
        >
          <span>
            STAR FOR LIFE ★ UGALAXY ★ STAR FOR LIFE ★ UGALAXY ★ 
          </span>
          <span>
            STAR FOR LIFE ★ UGALAXY ★ STAR FOR LIFE ★ UGALAXY ★ 
          </span>
        </div>
      </div>
      <div
        class="relative z-10 flex flex-col items-center"
      >
        <div
          data-testid="lottie-player"
        >
          Lottie Animation
        </div>
        <div
          class="text-center mt-1"
        >
          <div
            class="font-quicksand font-extrabold text-[64px] text-white leading-none tracking-tight"
          >
            UGalaxy
          </div>
          <div
            class="text-yellow-400 font-extrabold text-[24px] leading-none"
          >
            ×
          </div>
          <div
            class="font-quicksand font-bold text-[21px] text-white/85 tracking-widest uppercase"
          >
            Star for Life
          </div>
        </div>
        <p
          class="mt-5 text-[15px] font-medium text-white/60 text-center max-w-[290px] leading-relaxed"
        >
          Твоя історія починається тут. Створюй, втілюй, змінюй світ.
        </p>
      </div>
      <div
        class="absolute top-0 -right-[1px] w-[6vw] h-full z-10 text-slate-50 pointer-events-none"
      >
        <svg
          class="w-full h-full block"
          preserveAspectRatio="none"
          viewBox="0 0 100 1440"
        >
          <path
            d="M80,0 C65,320 65,420 80,720 C95,1020 95,1120 80,1440 L100,1440 L100,0 Z"
            fill="currentColor"
          />
        </svg>
      </div>
    </div>
    <div
      class="flex-1 flex items-center justify-center p-6 md:p-8 overflow-y-auto"
    >
      <div
        class="bg-white w-full max-w-[460px] rounded-[32px] p-8 md:p-11 shadow-[0_10px_40px_-8px_rgba(15,23,42,0.1)]"
        style="opacity: 0; transform: translateY(20px);"
      >
        <div
          class="mb-8 min-h-[76px]"
        >
          <h2
            class="font-quicksand font-extrabold text-[34px] text-slate-900 leading-[1.1] mb-1.5"
          >
            З поверненням!
          </h2>
          <p
            class="text-[15px] font-medium text-slate-600"
          >
            Продовжуйте свій шлях в UGalaxy
          </p>
        </div>
        <div
          class="flex bg-slate-100 rounded-full p-1.5 relative mb-7"
        >
          <div
            class="absolute top-1.5 bottom-1.5 w-[calc(50%-6px)] bg-white rounded-full shadow-sm z-0"
          />
          <button
            class="flex-1 py-3 font-quicksand font-bold text-[14px] rounded-full relative z-10 cursor-pointer transition-colors text-slate-900"
            type="button"
          >
            Вхід
          </button>
          <button
            class="flex-1 py-3 font-quicksand font-bold text-[14px] rounded-full relative z-10 cursor-pointer transition-colors text-slate-500"
            type="button"
          >
            Реєстрація
          </button>
        </div>
        <form>
          <div
            class="mb-4"
          >
            <label
              class="font-quicksand font-bold text-[14px] text-slate-900 block mb-2"
            >
              Email
            </label>
            <input
              class="w-full px-5 py-3.5 bg-slate-50 border-2 rounded-full outline-none transition-all border-slate-200 focus:border-indigo-500"
              name="email"
              placeholder="name@example.com"
              type="email"
            />
          </div>
          <div
            class="mb-4"
          >
            <div
              class="flex justify-between items-center mb-2"
            >
              <label
                class="font-quicksand font-bold text-[14px] text-slate-900"
              >
                Пароль
              </label>
              <a
                class="text-[13px] font-semibold text-indigo-500 cursor-pointer hover:underline opacity-100"
                data-discover="true"
                href="/auth/forgot-password"
              >
                Забули пароль?
              </a>
            </div>
            <div
              class="relative flex items-center"
            >
              <input
                class="w-full pl-5 pr-12 py-3.5 bg-slate-50 border-2 rounded-full outline-none transition-all border-slate-200 focus:border-indigo-500"
                name="password"
                placeholder="Мінімум 8 символів"
                type="password"
              />
              <button
                class="absolute right-4 text-slate-400 p-1 cursor-pointer"
                type="button"
              >
                <div
                  data-testid="eye-icon"
                >
                  Eye
                </div>
              </button>
            </div>
          </div>
          <button
            class="w-full mt-2 cursor-pointer"
            data-testid="custom-button"
            type="submit"
          >
            Увійти
          </button>
          <div
            class="flex items-center gap-3.5 my-5"
          >
            <div
              class="flex-1 h-[1.5px] bg-slate-200"
            />
            <span
              class="text-[12px] font-semibold text-slate-400 tracking-widest uppercase"
            >
              або
            </span>
            <div
              class="flex-1 h-[1.5px] bg-slate-200"
            />
          </div>
          <button
            class="w-full cursor-pointer"
            data-testid="custom-button"
            type="button"
            variant="outline"
          >
            Вхід через Google
            <span
              data-testid="left-icon"
            >
              Icon
            </span>
          </button>
          <p
            class="text-center text-[12px] text-slate-400 font-medium mt-5"
          >
            Входячи
            , ти погоджуєшся з 
            <br />
            <a
              class="text-indigo-500 font-semibold hover:underline cursor-pointer"
              href="#"
            >
              Умовами використання
            </a>
             
            та
             
            <a
              class="text-indigo-500 font-semibold hover:underline cursor-pointer"
              href="#"
            >
              Політикою конфіденційності
            </a>
          </p>
        </form>
      </div>
    </div>
  </div>
</div>
`;
