// Vitest Snapshot v1, https://vitest.dev/guide/snapshot.html

exports[`ForgotPassword Component > Initial Render > matches snapshot 1`] = `
<div>
  <div
    class="min-h-screen flex items-center justify-center relative overflow-hidden bg-slate-50 font-inter p-6 text-slate-900"
  >
    <div
      class="bg-white/80 backdrop-blur-xl w-full max-w-[440px] rounded-[32px] p-8 md:p-10 shadow-[0_20px_60px_-15px_rgba(15,23,42,0.1)] border border-white/20 relative z-10"
      style="opacity: 0; transform: translateY(20px);"
    >
      <a
        class="inline-flex items-center gap-2 text-[14px] font-semibold text-slate-400 hover:text-indigo-500 transition-colors mb-8 group"
        data-discover="true"
        href="/auth"
      >
        <svg
          aria-hidden="true"
          class="lucide lucide-arrow-left group-hover:-translate-x-1 transition-transform"
          fill="none"
          height="18"
          stroke="currentColor"
          stroke-linecap="round"
          stroke-linejoin="round"
          stroke-width="2"
          viewBox="0 0 24 24"
          width="18"
          xmlns="http://www.w3.org/2000/svg"
        >
          <path
            d="m12 19-7-7 7-7"
          />
          <path
            d="M19 12H5"
          />
        </svg>
        Повернутися до входу
      </a>
      <div
        style="opacity: 0; transform: translateX(-10px);"
      >
        <div
          class="w-14 h-14 bg-indigo-50 rounded-2xl flex items-center justify-center text-indigo-500 mb-6 shadow-inner"
        >
          <svg
            aria-hidden="true"
            class="lucide lucide-key-round"
            fill="none"
            height="28"
            stroke="currentColor"
            stroke-linecap="round"
            stroke-linejoin="round"
            stroke-width="2.5"
            viewBox="0 0 24 24"
            width="28"
            xmlns="http://www.w3.org/2000/svg"
          >
            <path
              d="M2.586 17.414A2 2 0 0 0 2 18.828V21a1 1 0 0 0 1 1h3a1 1 0 0 0 1-1v-1a1 1 0 0 1 1-1h1a1 1 0 0 0 1-1v-1a1 1 0 0 1 1-1h.172a2 2 0 0 0 1.414-.586l.814-.814a6.5 6.5 0 1 0-4-4z"
            />
            <circle
              cx="16.5"
              cy="7.5"
              fill="currentColor"
              r=".5"
            />
          </svg>
        </div>
        <h2
          class="font-nunito font-extrabold text-[32px] text-slate-900 leading-[1.1] mb-3"
        >
          Забули пароль?
        </h2>
        <p
          class="text-[15px] font-medium text-slate-500 mb-8 leading-relaxed"
        >
          Не хвилюйтесь! Введіть email, пов'язаний з вашим акаунтом, і ми надішлемо вам посилання.
        </p>
        <form
          class="space-y-6"
        >
          <div>
            <label
              class="font-nunito font-bold text-[14px] text-slate-900 block mb-2 px-1"
            >
              Email адреса
            </label>
            <div
              class="relative group"
            >
              <svg
                aria-hidden="true"
                class="lucide lucide-mail absolute left-4 top-1/2 -translate-y-1/2 transition-colors text-slate-400 group-focus-within:text-indigo-500"
                fill="none"
                height="20"
                stroke="currentColor"
                stroke-linecap="round"
                stroke-linejoin="round"
                stroke-width="2"
                viewBox="0 0 24 24"
                width="20"
                xmlns="http://www.w3.org/2000/svg"
              >
                <path
                  d="m22 7-8.991 5.727a2 2 0 0 1-2.009 0L2 7"
                />
                <rect
                  height="16"
                  rx="2"
                  width="20"
                  x="2"
                  y="4"
                />
              </svg>
              <input
                class="w-full pl-12 pr-5 py-3.5 bg-white border-2 rounded-full outline-none transition-all border-slate-100 focus:border-indigo-500 focus:ring-4 ring-indigo-50"
                name="email"
                placeholder="name@example.com"
                type="email"
              />
            </div>
          </div>
          <button
            class="w-full shadow-[0_10px_20px_-5px_rgba(79,70,229,0.4)] hover:shadow-[0_15px_25px_-5px_rgba(79,70,229,0.5)] transition-all active:scale-[0.98]"
            data-testid="custom-button"
            type="submit"
          >
            Надіслати посилання
          </button>
        </form>
      </div>
    </div>
  </div>
</div>
`;
