// Vitest Snapshot v1, https://vitest.dev/guide/snapshot.html

exports[`TournamentPage > matches snapshot 1`] = `
<div>
  <div
    class="min-h-[70vh] bg-bg-body flex items-center justify-center p-5"
  >
    <div
      class="max-w-md w-full bg-white border border-red-100 rounded-[32px] p-8 md:p-10 flex flex-col items-center text-center shadow-[0_20px_50px_-10px_rgba(239,68,68,0.15)] animate-[fadeIn_0.4s_ease_forwards]"
    >
      <div
        class="text-red-500 bg-red-50 p-5 rounded-full mb-6 shadow-inner"
      >
        <svg
          fill="none"
          height="48"
          stroke="currentColor"
          stroke-linecap="round"
          stroke-linejoin="round"
          stroke-width="2"
          viewBox="0 0 24 24"
          width="48"
        >
          <circle
            cx="12"
            cy="12"
            r="10"
          />
          <line
            x1="12"
            x2="12"
            y1="8"
            y2="12"
          />
          <line
            x1="12"
            x2="12.01"
            y1="16"
            y2="16"
          />
        </svg>
      </div>
      <h2
        class="text-2xl md:text-3xl font-quicksand font-black text-slate-800 mb-4"
      >
        Ой, халепа!
      </h2>
      <p
        class="text-slate-600 text-[17px] mb-3 font-medium leading-relaxed"
      >
        Проблемки. Турнір трохи загубився в мережі або щось пішло не так. Але не хвилюйтесь, ми вже намагаємося його знайти!
      </p>
      <div
        class="bg-slate-50 border border-slate-100 rounded-xl px-4 py-2 mb-8 w-full"
      >
        <p
          class="text-sm text-red-400 font-mono truncate"
        >
          ID турніру не знайдено
        </p>
      </div>
      <button
        class="w-full sm:w-auto px-8 py-3.5 bg-red-500 hover:bg-red-600 text-white rounded-xl transition-all duration-300 font-bold shadow-[0_0_20px_rgba(239,68,68,0.3)] hover:shadow-[0_0_30px_rgba(239,68,68,0.5)] hover:-translate-y-1"
      >
        Спробувати знову
      </button>
    </div>
  </div>
</div>
`;
